
time go run .

f  /home/wasi/Documents/projects/web/nailbar/nailbar/node_modules/@swc/helpers/cjs/_class_apply_descriptor_get.cjs
f  /home/wasi/Documents/projects/web/nailbar/nailbar/node_modules/@swc/helpers/cjs/_write_only_error.cjs
f  /home/wasi/Documents/projects/web/nailbar/nailbar/node_modules/@swc/helpers/cjs/_object_without_properties_loose.cjs
f  /home/wasi/Documents/projects/web/nailbar/nailbar/node_modules/@swc/helpers/cjs/_create_super.cjs
files: 895193
dirs: 50136
links: 436363
skipped: 0
maxDepthReached: 0
go run .  2.06s user 3.33s system 137% cpu 3.916 total


time ./walkdir-cli / --print


f  /run/udev/data/+acpi:LNXCPU:03
f  /run/udev/data/+acpi:LNXCPU:00
f  /run/udev/data/+acpi:LNXSYBUS:01
f  /run/udev/data/+acpi:LNXSYBUS:00
f  /run/udev/data/+acpi:LNXSYSTM:00
d  /run/mount
d  /run/initramfs
f  /run/initramfs/mkinitcpio-shutdown.conf
files=892617 dirs=49879 links=435761 errors=1235
elapsed=3.798632976s
./walkdir-cli --print /  0.93s user 2.47s system 89% cpu 3.801 total


-- NO PRINTING --


╭╴ artixThinkpad  wasi go/walkman/main   main  !?
╰── time go run .                                                                                                                                    16:25
files: 953464
dirs: 53762
links: 472212
skipped: 0
maxDepthReached: 0
go run .  1.14s user 1.27s system 609% cpu 0.397 total


╭╴ artixThinkpad  wasi  /Downloads/src
╰── time ./walkdir-cli /                                                                                                                       rs    16:23
files=951769 dirs=53482 links=472845 errors=1243
elapsed=964.03647ms
./walkdir-cli /  0.34s user 0.62s system 99% cpu 0.966 total
